The thing is, Bob, it’s not that I’m lazy. It’s that I just don’t care.
